// Jest Snapshot v1, https://goo.gl/fbAQLP

exports[`<Create /> should render Create 1`] = `"<form class=\\"Createstyle__StyledForm-sc-9trsr-0 ijeoyf\\"><h1>Create new Todo task</h1><div class=\\"Createstyle__StyledFormInput-sc-9trsr-1 FvLXJ\\"><label for=\\"name\\">Name</label><input type=\\"text\\" name=\\"name\\" id=\\"name\\" class=\\"Inputstyle__StyledInput-sc-1f6guk6-0 bewcis\\" value=\\"\\"></div><div class=\\"Createstyle__StyledFormTextArea-sc-9trsr-2 bJuplU\\"><label for=\\"description\\">Description</label><textarea type=\\"text\\" name=\\"description\\" id=\\"description\\" class=\\"TextAreastyle__StyledTextArea-sc-1dz7fyc-0 jvRtvK\\"></textarea></div><button type=\\"submit\\" value=\\"submit\\" class=\\"Buttonstyle__StyledButton-sc-1atuls6-0 ejDqxw\\">Create</button></form>"`;
