// Jest Snapshot v1, https://goo.gl/fbAQLP

exports[`<Todo /> should render Todo 1`] = `
.c3 {
  display: -webkit-box;
  display: -webkit-flex;
  display: -ms-flexbox;
  display: flex;
  -webkit-align-items: center;
  -webkit-box-align: center;
  -ms-flex-align: center;
  align-items: center;
}

.c0 {
  background-clip: initial;
  background-color: #fff;
  border: 0.0625rem solid rgba(0,0,0,0.05);
  border-bottom-left-radius: 0.25rem;
  border-bottom-right-radius: 0.25rem;
  border-top-left-radius: 0;
  border-top-right-radius: 0;
  box-shadow: 0 15px 35px rgba(50,50,93,0.1),0 5px 15px rgba(0,0,0,0.07) !important;
  display: -webkit-box;
  display: -webkit-flex;
  display: -ms-flexbox;
  display: flex;
  -webkit-flex: 1 1 auto;
  -ms-flex: 1 1 auto;
  flex: 1 1 auto;
  -webkit-flex-direction: column;
  -ms-flex-direction: column;
  flex-direction: column;
  margin: 10px;
  max-width: 800px;
  min-width: 0;
  padding: 1.5rem;
  word-wrap: break-word;
}

.c4 {
  display: -webkit-box;
  display: -webkit-flex;
  display: -ms-flexbox;
  display: flex;
  -webkit-align-items: center;
  -webkit-box-align: center;
  -ms-flex-align: center;
  align-items: center;
  padding: 5px;
  color: #d0d6e2;
  border: 1px dashed #d0d6e2;
  border-radius: 5px;
  -webkit-transition: all 0.15s ease-in-out;
  transition: all 0.15s ease-in-out;
  margin-right: 1em;
  -webkit-box-pack: center;
  -webkit-justify-content: center;
  -ms-flex-pack: center;
  justify-content: center;
}

.c4:hover {
  border: 1px dashed transparent;
  background-color: #5e72e4;
  color: white;
}

.c5 {
  display: -webkit-box;
  display: -webkit-flex;
  display: -ms-flexbox;
  display: flex;
  -webkit-align-items: center;
  -webkit-box-align: center;
  -ms-flex-align: center;
  align-items: center;
  padding: 5px;
  color: #d0d6e2;
  border: 1px dashed #d0d6e2;
  border-radius: 5px;
  -webkit-transition: all 0.15s ease-in-out;
  transition: all 0.15s ease-in-out;
  margin-right: 0;
  -webkit-box-pack: center;
  -webkit-justify-content: center;
  -ms-flex-pack: center;
  justify-content: center;
}

.c5:hover {
  border: 1px dashed transparent;
  background-color: #f5365c;
  color: white;
}

.c13 {
  display: -webkit-box;
  display: -webkit-flex;
  display: -ms-flexbox;
  display: flex;
  -webkit-align-items: center;
  -webkit-box-align: center;
  -ms-flex-align: center;
  align-items: center;
  padding: 5px;
  color: #d0d6e2;
  border: 1px dashed #d0d6e2;
  border-radius: 5px;
  -webkit-transition: all 0.15s ease-in-out;
  transition: all 0.15s ease-in-out;
  margin-right: 0;
  -webkit-box-pack: center;
  -webkit-justify-content: center;
  -ms-flex-pack: center;
  justify-content: center;
  border-radius: 22px;
  border-top-left-radius: 0;
}

.c13:hover {
  border: 1px dashed transparent;
  background-color: #5e72e4;
  color: white;
}

.c1 {
  display: -webkit-box;
  display: -webkit-flex;
  display: -ms-flexbox;
  display: flex;
  -webkit-align-items: center;
  -webkit-box-align: center;
  -ms-flex-align: center;
  align-items: center;
  -webkit-box-pack: justify;
  -webkit-justify-content: space-between;
  -ms-flex-pack: justify;
  justify-content: space-between;
}

.c2 {
  display: -webkit-box;
  display: -webkit-flex;
  display: -ms-flexbox;
  display: flex;
  -webkit-align-items: center;
  -webkit-box-align: center;
  -ms-flex-align: center;
  align-items: center;
  font-size: 12px;
  font-weight: bold;
  color: #d0d6e2;
}

.c2 svg {
  margin-right: 6px;
}

.c6 {
  font-size: 1em;
  margin: 0.5em 0 0.9em;
}

.c7 {
  font-size: 0.75em;
  color: #bbc0cc;
  text-align: justify;
  margin: 0;
  line-height: 1.8em;
}

.c8 {
  width: 100%;
  border: 1px dashed #f3f3f3;
  margin: 18px 0;
}

.c9 {
  display: -webkit-box;
  display: -webkit-flex;
  display: -ms-flexbox;
  display: flex;
  -webkit-align-items: center;
  -webkit-box-align: center;
  -ms-flex-align: center;
  align-items: center;
  -webkit-box-pack: justify;
  -webkit-justify-content: space-between;
  -ms-flex-pack: justify;
  justify-content: space-between;
}

.c10 {
  display: -webkit-box;
  display: -webkit-flex;
  display: -ms-flexbox;
  display: flex;
  -webkit-align-items: center;
  -webkit-box-align: center;
  -ms-flex-align: center;
  align-items: center;
}

.c11 {
  display: -webkit-box;
  display: -webkit-flex;
  display: -ms-flexbox;
  display: flex;
  -webkit-align-items: center;
  -webkit-box-align: center;
  -ms-flex-align: center;
  align-items: center;
  -webkit-box-pack: start;
  -webkit-justify-content: flex-start;
  -ms-flex-pack: start;
  justify-content: flex-start;
  color: #d0d6e2;
  font-size: 13px;
}

.c11 svg {
  margin-right: 4px;
}

.c12 {
  display: -webkit-box;
  display: -webkit-flex;
  display: -ms-flexbox;
  display: flex;
  -webkit-align-items: center;
  -webkit-box-align: center;
  -ms-flex-align: center;
  align-items: center;
  -webkit-box-pack: start;
  -webkit-justify-content: flex-start;
  -ms-flex-pack: start;
  justify-content: flex-start;
  color: #d0d6e2;
  font-size: 13px;
  margin-left: 1.2em;
}

.c12 svg {
  margin-right: 4px;
}

@media screen and (min-width:300px) {

}

<div
  className="c0"
>
  <div
    className="c1"
  >
    <div
      className="c2"
    >
      <svg
        className="feather feather-clock"
        fill="none"
        height="16"
        stroke="currentColor"
        strokeLinecap="round"
        strokeLinejoin="round"
        strokeWidth="2"
        viewBox="0 0 24 24"
        width="16"
        xmlns="http://www.w3.org/2000/svg"
      >
        <circle
          cx="12"
          cy="12"
          r="10"
        />
        <polyline
          points="12 6 12 12 16 14"
        />
      </svg>
      <span>
        Apr 26
      </span>
    </div>
    <div
      className="c3"
    >
      <button
        className="c4"
        onClick={[Function]}
      >
        <svg
          className="feather feather-edit-2"
          fill="none"
          height="16"
          stroke="currentColor"
          strokeLinecap="round"
          strokeLinejoin="round"
          strokeWidth="2"
          viewBox="0 0 24 24"
          width="16"
          xmlns="http://www.w3.org/2000/svg"
        >
          <path
            d="M17 3a2.828 2.828 0 1 1 4 4L7.5 20.5 2 22l1.5-5.5L17 3z"
          />
        </svg>
      </button>
      <button
        className="c5"
        onClick={[Function]}
      >
        <svg
          className="feather feather-trash-2"
          fill="none"
          height="16"
          stroke="currentColor"
          strokeLinecap="round"
          strokeLinejoin="round"
          strokeWidth="2"
          viewBox="0 0 24 24"
          width="16"
          xmlns="http://www.w3.org/2000/svg"
        >
          <polyline
            points="3 6 5 6 21 6"
          />
          <path
            d="M19 6v14a2 2 0 0 1-2 2H7a2 2 0 0 1-2-2V6m3 0V4a2 2 0 0 1 2-2h4a2 2 0 0 1 2 2v2"
          />
          <line
            x1="10"
            x2="10"
            y1="11"
            y2="17"
          />
          <line
            x1="14"
            x2="14"
            y1="11"
            y2="17"
          />
        </svg>
      </button>
    </div>
  </div>
  <h1
    className="c6"
  >
    Todo Title
  </h1>
  <p
    className="c7"
  >
    Todo Description
  </p>
  <hr
    className="c8"
  />
  <div
    className="c9"
  >
    <div
      className="c10"
    >
      <div
        className="c11"
      >
        <svg
          className="feather feather-paperclip"
          fill="none"
          height="16"
          stroke="currentColor"
          strokeLinecap="round"
          strokeLinejoin="round"
          strokeWidth="2"
          viewBox="0 0 24 24"
          width="16"
          xmlns="http://www.w3.org/2000/svg"
        >
          <path
            d="M21.44 11.05l-9.19 9.19a6 6 0 0 1-8.49-8.49l9.19-9.19a4 4 0 0 1 5.66 5.66l-9.2 9.19a2 2 0 0 1-2.83-2.83l8.49-8.48"
          />
        </svg>
        <span>
          13
        </span>
      </div>
      <div
        className="c12"
      >
        <svg
          className="feather feather-message-square"
          fill="none"
          height="16"
          stroke="currentColor"
          strokeLinecap="round"
          strokeLinejoin="round"
          strokeWidth="2"
          viewBox="0 0 24 24"
          width="16"
          xmlns="http://www.w3.org/2000/svg"
        >
          <path
            d="M21 15a2 2 0 0 1-2 2H7l-4 4V5a2 2 0 0 1 2-2h14a2 2 0 0 1 2 2z"
          />
        </svg>
        <span>
          20
        </span>
      </div>
    </div>
    <button
      className="c13"
    >
      <svg
        className="feather feather-plus"
        fill="none"
        height="16"
        stroke="currentColor"
        strokeLinecap="round"
        strokeLinejoin="round"
        strokeWidth="2"
        viewBox="0 0 24 24"
        width="16"
        xmlns="http://www.w3.org/2000/svg"
      >
        <line
          x1="12"
          x2="12"
          y1="5"
          y2="19"
        />
        <line
          x1="5"
          x2="19"
          y1="12"
          y2="12"
        />
      </svg>
    </button>
  </div>
</div>
`;
